Copyright 1986-2021 Xilinx, Inc. All Rights Reserved.
-------------------------------------------------------------------------------------------
| Tool Version     : Vivado v.2021.1 (lin64) Build 3247384 Thu Jun 10 19:36:07 MDT 2021
| Date             : Mon Mar 23 08:52:56 2026
| Host             : dsic-h3c-server03 running 64-bit CentOS Linux release 7.9.2009 (Core)
| Command          : report_power -file power_optimized.rpt
| Design           : Top
| Device           : xcvu9p-flga2104-2-i
| Design State     : synthesized
| Grade            : industrial
| Process          : typical
| Characterization : Production
-------------------------------------------------------------------------------------------

Power Report

Table of Contents
-----------------
1. Summary
1.1 On-Chip Components
1.2 Power Supply Summary
1.3 Confidence Level
2. Settings
2.1 Environment
2.2 Clock Constraints
3. Detailed Reports
3.1 By Hierarchy

1. Summary
----------

+--------------------------+--------------+
| Total On-Chip Power (W)  | 5.592        |
| Design Power Budget (W)  | Unspecified* |
| Power Budget Margin (W)  | NA           |
| Dynamic (W)              | 3.075        |
| Device Static (W)        | 2.517        |
| Effective TJA (C/W)      | 0.5          |
| Max Ambient (C)          | 97.0         |
| Junction Temperature (C) | 28.0         |
| Confidence Level         | Medium       |
| Setting File             | ---          |
| Simulation Activity File | ---          |
| Design Nets Matched      | NA           |
+--------------------------+--------------+
* Specify Design Power Budget using, set_operating_conditions -design_power_budget <value in Watts>


1.1 On-Chip Components
----------------------

+--------------------------+-----------+----------+-----------+-----------------+
| On-Chip                  | Power (W) | Used     | Available | Utilization (%) |
+--------------------------+-----------+----------+-----------+-----------------+
| Clocks                   |     0.401 |        3 |       --- |             --- |
| CLB Logic                |     0.968 |   384671 |       --- |             --- |
|   LUT as Logic           |     0.863 |   144934 |   1182240 |           12.26 |
|   CARRY8                 |     0.075 |    11230 |    147780 |            7.60 |
|   Register               |     0.025 |   194117 |   2364480 |            8.21 |
|   LUT as Shift Register  |     0.004 |      273 |    591840 |            0.05 |
|   LUT as Distributed RAM |    <0.001 |      296 |    591840 |            0.05 |
|   Others                 |     0.000 |     4333 |       --- |             --- |
|   F7/F8 Muxes            |     0.000 |    19893 |   1182240 |            1.68 |
| Signals                  |     0.526 |   242661 |       --- |             --- |
| Block RAM                |     0.174 |     96.5 |      2160 |            4.47 |
| URAM                     |     0.122 |       26 |       960 |            2.71 |
| DSPs                     |     0.884 |     1946 |      6840 |           28.45 |
| Static Power             |     2.517 |          |           |                 |
| Total                    |     5.592 |          |           |                 |
+--------------------------+-----------+----------+-----------+-----------------+


1.2 Power Supply Summary
------------------------

+------------+-------------+-----------+-------------+------------+-------------+-------------+------------+
| Source     | Voltage (V) | Total (A) | Dynamic (A) | Static (A) | Powerup (A) | Budget (A)  | Margin (A) |
+------------+-------------+-----------+-------------+------------+-------------+-------------+------------+
| Vccint     |       0.850 |     4.470 |       3.602 |      0.869 |       NA    | Unspecified | NA         |
| Vccint_io  |       0.850 |     0.264 |       0.000 |      0.264 |       NA    | Unspecified | NA         |
| Vccbram    |       0.850 |     0.032 |       0.016 |      0.017 |       NA    | Unspecified | NA         |
| Vccaux     |       1.800 |     0.647 |       0.000 |      0.647 |       NA    | Unspecified | NA         |
| Vccaux_io  |       1.800 |     0.185 |       0.000 |      0.185 |       NA    | Unspecified | NA         |
| Vcco33     |       3.300 |     0.000 |       0.000 |      0.000 |       NA    | Unspecified | NA         |
| Vcco25     |       2.500 |     0.000 |       0.000 |      0.000 |       NA    | Unspecified | NA         |
| Vcco18     |       1.800 |     0.000 |       0.000 |      0.000 |       NA    | Unspecified | NA         |
| Vcco15     |       1.500 |     0.000 |       0.000 |      0.000 |       NA    | Unspecified | NA         |
| Vcco135    |       1.350 |     0.000 |       0.000 |      0.000 |       NA    | Unspecified | NA         |
| Vcco12     |       1.200 |     0.000 |       0.000 |      0.000 |       NA    | Unspecified | NA         |
| Vcco10     |       1.000 |     0.000 |       0.000 |      0.000 |       NA    | Unspecified | NA         |
| Vccadc     |       1.800 |     0.024 |       0.000 |      0.024 |       NA    | Unspecified | NA         |
| MGTYAVcc   |       0.900 |     0.000 |       0.000 |      0.000 |       NA    | Unspecified | NA         |
| MGTYAVtt   |       1.200 |     0.000 |       0.000 |      0.000 |       NA    | Unspecified | NA         |
| MGTYVccaux |       1.800 |     0.000 |       0.000 |      0.000 |       NA    | Unspecified | NA         |
+------------+-------------+-----------+-------------+------------+-------------+-------------+------------+


1.3 Confidence Level
--------------------

+-----------------------------+------------+------------------------------------------------+------------------------------------------------------------------------------------------------------------+
| User Input Data             | Confidence | Details                                        | Action                                                                                                     |
+-----------------------------+------------+------------------------------------------------+------------------------------------------------------------------------------------------------------------+
| Design implementation state | Low        | Design is synthesized                          | Accuracy of the tool is not optimal until design is fully placed and routed                                |
| Clock nodes activity        | High       | User specified more than 95% of clocks         |                                                                                                            |
| I/O nodes activity          | High       | User specified more than 95% of inputs         |                                                                                                            |
| Internal nodes activity     | Medium     | User specified less than 25% of internal nodes | Provide missing internal nodes activity with simulation results or by editing the "By Resource Type" views |
| Device models               | High       | Device models are Production                   |                                                                                                            |
|                             |            |                                                |                                                                                                            |
| Overall confidence level    | Medium     |                                                |                                                                                                            |
+-----------------------------+------------+------------------------------------------------+------------------------------------------------------------------------------------------------------------+


2. Settings
-----------

2.1 Environment
---------------

+-----------------------+--------------------------+
| Ambient Temp (C)      | 25.0                     |
| ThetaJA (C/W)         | 0.5                      |
| Airflow (LFM)         | 250                      |
| Heat Sink             | medium (Medium Profile)  |
| ThetaSA (C/W)         | 0.7                      |
| Board Selection       | medium (10"x10")         |
| # of Board Layers     | 12to15 (12 to 15 Layers) |
| Board Temperature (C) | 25.0                     |
+-----------------------+--------------------------+


2.2 Clock Constraints
---------------------

+-------+--------+-----------------+
| Clock | Domain | Constraint (ns) |
+-------+--------+-----------------+
| clk   | clock  |            10.0 |
+-------+--------+-----------------+


3. Detailed Reports
-------------------

3.1 By Hierarchy
----------------

+----------------------------+-----------+
| Name                       | Power (W) |
+----------------------------+-----------+
| Top                        |     3.075 |
|   acc_mem_ext              |     0.021 |
|   atten                    |     0.306 |
|     dm1                    |     0.072 |
|       cu_inst              |     0.065 |
|       mem_inst             |     0.007 |
|     dm2                    |     0.131 |
|       ctxmem_inst          |     0.014 |
|       dm_inst              |     0.097 |
|       vmem_inst            |     0.021 |
|     softmax                |     0.093 |
|       cu_inst              |     0.060 |
|       lw_inst              |     0.009 |
|       mem_inst             |     0.014 |
|     vcache                 |     0.004 |
|       lsu_inst             |     0.003 |
|   ffndown                  |     0.610 |
|     cu_inst                |     0.589 |
|       addTreeList_0        |     0.008 |
|       addTreeList_1        |     0.008 |
|       addTreeList_10       |     0.008 |
|       addTreeList_11       |     0.008 |
|       addTreeList_12       |     0.008 |
|       addTreeList_13       |     0.010 |
|       addTreeList_14       |     0.010 |
|       addTreeList_15       |     0.008 |
|       addTreeList_16       |     0.010 |
|       addTreeList_17       |     0.008 |
|       addTreeList_18       |     0.010 |
|       addTreeList_19       |     0.008 |
|       addTreeList_2        |     0.007 |
|       addTreeList_20       |     0.008 |
|       addTreeList_21       |     0.008 |
|       addTreeList_22       |     0.008 |
|       addTreeList_23       |     0.008 |
|       addTreeList_24       |     0.008 |
|       addTreeList_25       |     0.007 |
|       addTreeList_26       |     0.007 |
|       addTreeList_27       |     0.007 |
|       addTreeList_28       |     0.008 |
|       addTreeList_29       |     0.007 |
|       addTreeList_3        |     0.008 |
|       addTreeList_30       |     0.008 |
|       addTreeList_31       |     0.008 |
|       addTreeList_32       |     0.008 |
|       addTreeList_33       |     0.007 |
|       addTreeList_34       |     0.007 |
|       addTreeList_35       |     0.007 |
|       addTreeList_4        |     0.010 |
|       addTreeList_5        |     0.008 |
|       addTreeList_6        |     0.007 |
|       addTreeList_7        |     0.008 |
|       addTreeList_8        |     0.008 |
|       addTreeList_9        |     0.008 |
|       cnt_batchsize_pipreg |     0.004 |
|     mem_inst               |     0.020 |
|       mem0_ext             |     0.010 |
|       mem1_ext             |     0.010 |
|   ffnup                    |     0.612 |
|     cu_inst                |     0.590 |
|       addTreeList_0        |     0.008 |
|       addTreeList_1        |     0.007 |
|       addTreeList_10       |     0.008 |
|       addTreeList_11       |     0.008 |
|       addTreeList_12       |     0.008 |
|       addTreeList_13       |     0.008 |
|       addTreeList_14       |     0.008 |
|       addTreeList_15       |     0.008 |
|       addTreeList_16       |     0.008 |
|       addTreeList_17       |     0.008 |
|       addTreeList_18       |     0.007 |
|       addTreeList_19       |     0.007 |
|       addTreeList_2        |     0.007 |
|       addTreeList_20       |     0.007 |
|       addTreeList_21       |     0.008 |
|       addTreeList_22       |     0.007 |
|       addTreeList_23       |     0.008 |
|       addTreeList_24       |     0.008 |
|       addTreeList_25       |     0.007 |
|       addTreeList_26       |     0.007 |
|       addTreeList_27       |     0.008 |
|       addTreeList_28       |     0.008 |
|       addTreeList_29       |     0.010 |
|       addTreeList_3        |     0.008 |
|       addTreeList_30       |     0.008 |
|       addTreeList_31       |     0.007 |
|       addTreeList_32       |     0.008 |
|       addTreeList_33       |     0.008 |
|       addTreeList_34       |     0.007 |
|       addTreeList_35       |     0.007 |
|       addTreeList_4        |     0.007 |
|       addTreeList_5        |     0.008 |
|       addTreeList_6        |     0.007 |
|       addTreeList_7        |     0.008 |
|       addTreeList_8        |     0.008 |
|       addTreeList_9        |     0.008 |
|       cnt_batchsize_pipreg |     0.003 |
|     mem_inst               |     0.020 |
|       mem0_ext             |     0.010 |
|       mem1_ext             |     0.010 |
|     su_inst                |     0.001 |
|   gelu                     |     0.021 |
|     mem                    |     0.019 |
|       mem0_ext             |     0.010 |
|       mem1_ext             |     0.010 |
|   layernorm                |     0.133 |
|     cu_inst                |     0.121 |
|       addtree_sq           |     0.003 |
|       addtree_sum          |     0.001 |
|       bias_ptr_pipe        |     0.010 |
|       indata_pipreg1       |     0.001 |
|       mean_sq_mul          |     0.004 |
|       mullist_sq_0         |     0.001 |
|       mullist_sq_1         |     0.001 |
|       mullist_sq_10        |     0.001 |
|       mullist_sq_11        |     0.001 |
|       mullist_sq_2         |     0.001 |
|       mullist_sq_3         |     0.001 |
|       mullist_sq_4         |     0.001 |
|       mullist_sq_5         |     0.001 |
|       mullist_sq_6         |     0.001 |
|       mullist_sq_7         |     0.001 |
|       mullist_sq_8         |     0.001 |
|       mullist_sq_9         |     0.001 |
|       scalas_ptr_pipe      |     0.010 |
|     mem_inst               |     0.010 |
|       mem                  |     0.010 |
|     su_inst                |     0.001 |
|   layernorm2               |     0.139 |
|     cu_inst                |     0.126 |
|       addtree_sq           |     0.004 |
|       addtree_sum          |     0.002 |
|       bias_ptr_pipe        |     0.010 |
|       indata_pipreg        |     0.002 |
|       indata_pipreg1       |     0.003 |
|       mean_sq_mul          |     0.004 |
|       mullist_sq_0         |     0.001 |
|       mullist_sq_1         |     0.001 |
|       mullist_sq_10        |     0.001 |
|       mullist_sq_11        |     0.001 |
|       mullist_sq_2         |     0.001 |
|       mullist_sq_3         |     0.001 |
|       mullist_sq_4         |     0.001 |
|       mullist_sq_5         |     0.001 |
|       mullist_sq_6         |     0.001 |
|       mullist_sq_7         |     0.001 |
|       mullist_sq_8         |     0.001 |
|       mullist_sq_9         |     0.001 |
|       scalas_ptr_pipe      |     0.010 |
|     mem_inst               |     0.011 |
|       mem                  |     0.011 |
|     su_inst                |     0.001 |
|   outlinear                |     0.499 |
|     cu_inst                |     0.478 |
|       addTreeList_0        |     0.007 |
|       addTreeList_1        |     0.007 |
|       addTreeList_10       |     0.007 |
|       addTreeList_11       |     0.007 |
|       addTreeList_12       |     0.007 |
|       addTreeList_13       |     0.007 |
|       addTreeList_14       |     0.007 |
|       addTreeList_15       |     0.007 |
|       addTreeList_16       |     0.007 |
|       addTreeList_17       |     0.007 |
|       addTreeList_18       |     0.009 |
|       addTreeList_19       |     0.007 |
|       addTreeList_2        |     0.007 |
|       addTreeList_20       |     0.007 |
|       addTreeList_21       |     0.007 |
|       addTreeList_22       |     0.007 |
|       addTreeList_23       |     0.009 |
|       addTreeList_24       |     0.007 |
|       addTreeList_25       |     0.007 |
|       addTreeList_26       |     0.007 |
|       addTreeList_27       |     0.007 |
|       addTreeList_28       |     0.007 |
|       addTreeList_29       |     0.007 |
|       addTreeList_3        |     0.007 |
|       addTreeList_30       |     0.007 |
|       addTreeList_31       |     0.007 |
|       addTreeList_32       |     0.007 |
|       addTreeList_33       |     0.007 |
|       addTreeList_34       |     0.007 |
|       addTreeList_35       |     0.007 |
|       addTreeList_4        |     0.007 |
|       addTreeList_5        |     0.007 |
|       addTreeList_6        |     0.007 |
|       addTreeList_7        |     0.007 |
|       addTreeList_8        |     0.007 |
|       addTreeList_9        |     0.007 |
|       cnt_batchsize_pipreg |     0.002 |
|     mem_inst               |     0.019 |
|       mem0_ext             |     0.009 |
|       mem1_ext             |     0.009 |
|   qkvlinear                |     0.672 |
|     cu_inst                |     0.593 |
|       addTreeList_0        |     0.008 |
|       addTreeList_1        |     0.007 |
|       addTreeList_10       |     0.008 |
|       addTreeList_11       |     0.008 |
|       addTreeList_12       |     0.008 |
|       addTreeList_13       |     0.008 |
|       addTreeList_14       |     0.008 |
|       addTreeList_15       |     0.008 |
|       addTreeList_16       |     0.008 |
|       addTreeList_17       |     0.008 |
|       addTreeList_18       |     0.007 |
|       addTreeList_19       |     0.007 |
|       addTreeList_2        |     0.007 |
|       addTreeList_20       |     0.007 |
|       addTreeList_21       |     0.008 |
|       addTreeList_22       |     0.007 |
|       addTreeList_23       |     0.008 |
|       addTreeList_24       |     0.008 |
|       addTreeList_25       |     0.007 |
|       addTreeList_26       |     0.007 |
|       addTreeList_27       |     0.008 |
|       addTreeList_28       |     0.008 |
|       addTreeList_29       |     0.010 |
|       addTreeList_3        |     0.008 |
|       addTreeList_30       |     0.008 |
|       addTreeList_31       |     0.007 |
|       addTreeList_32       |     0.008 |
|       addTreeList_33       |     0.008 |
|       addTreeList_34       |     0.007 |
|       addTreeList_35       |     0.007 |
|       addTreeList_4        |     0.007 |
|       addTreeList_5        |     0.008 |
|       addTreeList_6        |     0.007 |
|       addTreeList_7        |     0.008 |
|       addTreeList_8        |     0.008 |
|       addTreeList_9        |     0.008 |
|       cnt_batchsize_pipreg |     0.003 |
|     mem_inst               |     0.020 |
|       mem0_ext             |     0.010 |
|       mem1_ext             |     0.010 |
|     su_inst                |     0.020 |
|   resadd                   |     0.034 |
|     mem                    |     0.004 |
|   resadd2                  |     0.025 |
|     mem                    |     0.023 |
|       mem0_ext             |     0.010 |
|       mem1_ext             |     0.013 |
+----------------------------+-----------+


